// Jest Snapshot v1, https://goo.gl/fbAQLP

exports[`ResultsTablePinned matches the snapshot 1`] = `
{
  "asFragment": [Function],
  "baseElement": <body>
    <div>
      <table
        class="MuiTable-root MuiTable-stickyHeader css-xn82ks-MuiTable-root"
        data-testid="PinnedResultsTable"
      >
        <thead
          class="MuiTableHead-root css-15wwp11-MuiTableHead-root"
        >
          <tr
            class="MuiTableRow-root MuiTableRow-head css-1q1u3t4-MuiTableRow-root"
          >
            <th
              class="MuiTableCell-root MuiTableCell-head MuiTableCell-stickyHeader MuiTableCell-alignLeft MuiTableCell-sizeMedium css-y8ay40-MuiTableCell-root"
              scope="col"
            >
              üìç
            </th>
            <th
              class="MuiTableCell-root MuiTableCell-head MuiTableCell-stickyHeader MuiTableCell-alignLeft MuiTableCell-sizeMedium css-y8ay40-MuiTableCell-root"
              scope="col"
            >
              Rank
            </th>
            <th
              class="MuiTableCell-root MuiTableCell-head MuiTableCell-stickyHeader MuiTableCell-alignRight MuiTableCell-sizeMedium css-i02g0k-MuiTableCell-root"
              scope="col"
            >
              Date
            </th>
            <th
              class="MuiTableCell-root MuiTableCell-head MuiTableCell-stickyHeader MuiTableCell-alignRight MuiTableCell-sizeMedium css-i02g0k-MuiTableCell-root"
              scope="col"
            >
              Article
            </th>
            <th
              class="MuiTableCell-root MuiTableCell-head MuiTableCell-stickyHeader MuiTableCell-alignRight MuiTableCell-sizeMedium css-i02g0k-MuiTableCell-root"
              scope="col"
            >
              Views
            </th>
          </tr>
        </thead>
        <tbody
          class="MuiTableBody-root css-apqrd9-MuiTableBody-root"
        >
          <tr
            class="MuiTableRow-root MuiTableRow-hover css-34nofg-MuiTableRow-root"
          >
            <td
              class="MuiTableCell-root MuiTableCell-body MuiTableCell-paddingCheckbox MuiTableCell-sizeMedium css-1nf681w-MuiTableCell-root"
            >
              <span
                class="MuiButtonBase-root MuiCheckbox-root MuiCheckbox-colorPrimary PrivateSwitchBase-root MuiCheckbox-root MuiCheckbox-colorPrimary Mui-checked MuiCheckbox-root MuiCheckbox-colorPrimary css-12wnr2w-MuiButtonBase-root-MuiCheckbox-root"
              >
                <input
                  aria-label="pin article"
                  checked=""
                  class="PrivateSwitchBase-input css-1m9pwf3"
                  data-indeterminate="false"
                  type="checkbox"
                />
                <svg
                  aria-hidden="true"
                  class="MuiSvgIcon-root MuiSvgIcon-fontSizeMedium css-i4bv87-MuiSvgIcon-root"
                  data-testid="CheckBoxIcon"
                  focusable="false"
                  viewBox="0 0 24 24"
                >
                  <path
                    d="M19 3H5c-1.11 0-2 .9-2 2v14c0 1.1.89 2 2 2h14c1.11 0 2-.9 2-2V5c0-1.1-.89-2-2-2zm-9 14l-5-5 1.41-1.41L10 14.17l7.59-7.59L19 8l-9 9z"
                  />
                </svg>
                <span
                  class="MuiTouchRipple-root css-8je8zh-MuiTouchRipple-root"
                />
              </span>
            </td>
            <th
              class="MuiTableCell-root MuiTableCell-body MuiTableCell-sizeMedium css-1ex1afd-MuiTableCell-root"
              scope="row"
            >
              0
            </th>
            <td
              class="MuiTableCell-root MuiTableCell-body MuiTableCell-alignRight MuiTableCell-sizeMedium css-177gid-MuiTableCell-root"
            >
              Dec 15th, 2022
            </td>
            <td
              class="MuiTableCell-root MuiTableCell-body MuiTableCell-alignRight MuiTableCell-sizeMedium css-177gid-MuiTableCell-root"
            >
              testArticle0
            </td>
            <td
              class="MuiTableCell-root MuiTableCell-body MuiTableCell-alignRight MuiTableCell-sizeMedium css-177gid-MuiTableCell-root"
            >
              0
            </td>
          </tr>
          <tr
            class="MuiTableRow-root MuiTableRow-hover css-34nofg-MuiTableRow-root"
          >
            <td
              class="MuiTableCell-root MuiTableCell-body MuiTableCell-paddingCheckbox MuiTableCell-sizeMedium css-1nf681w-MuiTableCell-root"
            >
              <span
                class="MuiButtonBase-root MuiCheckbox-root MuiCheckbox-colorPrimary PrivateSwitchBase-root MuiCheckbox-root MuiCheckbox-colorPrimary Mui-checked MuiCheckbox-root MuiCheckbox-colorPrimary css-12wnr2w-MuiButtonBase-root-MuiCheckbox-root"
              >
                <input
                  aria-label="pin article"
                  checked=""
                  class="PrivateSwitchBase-input css-1m9pwf3"
                  data-indeterminate="false"
                  type="checkbox"
                />
                <svg
                  aria-hidden="true"
                  class="MuiSvgIcon-root MuiSvgIcon-fontSizeMedium css-i4bv87-MuiSvgIcon-root"
                  data-testid="CheckBoxIcon"
                  focusable="false"
                  viewBox="0 0 24 24"
                >
                  <path
                    d="M19 3H5c-1.11 0-2 .9-2 2v14c0 1.1.89 2 2 2h14c1.11 0 2-.9 2-2V5c0-1.1-.89-2-2-2zm-9 14l-5-5 1.41-1.41L10 14.17l7.59-7.59L19 8l-9 9z"
                  />
                </svg>
                <span
                  class="MuiTouchRipple-root css-8je8zh-MuiTouchRipple-root"
                />
              </span>
            </td>
            <th
              class="MuiTableCell-root MuiTableCell-body MuiTableCell-sizeMedium css-1ex1afd-MuiTableCell-root"
              scope="row"
            >
              1
            </th>
            <td
              class="MuiTableCell-root MuiTableCell-body MuiTableCell-alignRight MuiTableCell-sizeMedium css-177gid-MuiTableCell-root"
            >
              Dec 15th, 2022
            </td>
            <td
              class="MuiTableCell-root MuiTableCell-body MuiTableCell-alignRight MuiTableCell-sizeMedium css-177gid-MuiTableCell-root"
            >
              testArticle1
            </td>
            <td
              class="MuiTableCell-root MuiTableCell-body MuiTableCell-alignRight MuiTableCell-sizeMedium css-177gid-MuiTableCell-root"
            >
              1,000
            </td>
          </tr>
          <tr
            class="MuiTableRow-root MuiTableRow-hover css-34nofg-MuiTableRow-root"
          >
            <td
              class="MuiTableCell-root MuiTableCell-body MuiTableCell-paddingCheckbox MuiTableCell-sizeMedium css-1nf681w-MuiTableCell-root"
            >
              <span
                class="MuiButtonBase-root MuiCheckbox-root MuiCheckbox-colorPrimary PrivateSwitchBase-root MuiCheckbox-root MuiCheckbox-colorPrimary Mui-checked MuiCheckbox-root MuiCheckbox-colorPrimary css-12wnr2w-MuiButtonBase-root-MuiCheckbox-root"
              >
                <input
                  aria-label="pin article"
                  checked=""
                  class="PrivateSwitchBase-input css-1m9pwf3"
                  data-indeterminate="false"
                  type="checkbox"
                />
                <svg
                  aria-hidden="true"
                  class="MuiSvgIcon-root MuiSvgIcon-fontSizeMedium css-i4bv87-MuiSvgIcon-root"
                  data-testid="CheckBoxIcon"
                  focusable="false"
                  viewBox="0 0 24 24"
                >
                  <path
                    d="M19 3H5c-1.11 0-2 .9-2 2v14c0 1.1.89 2 2 2h14c1.11 0 2-.9 2-2V5c0-1.1-.89-2-2-2zm-9 14l-5-5 1.41-1.41L10 14.17l7.59-7.59L19 8l-9 9z"
                  />
                </svg>
                <span
                  class="MuiTouchRipple-root css-8je8zh-MuiTouchRipple-root"
                />
              </span>
            </td>
            <th
              class="MuiTableCell-root MuiTableCell-body MuiTableCell-sizeMedium css-1ex1afd-MuiTableCell-root"
              scope="row"
            >
              2
            </th>
            <td
              class="MuiTableCell-root MuiTableCell-body MuiTableCell-alignRight MuiTableCell-sizeMedium css-177gid-MuiTableCell-root"
            >
              Dec 15th, 2022
            </td>
            <td
              class="MuiTableCell-root MuiTableCell-body MuiTableCell-alignRight MuiTableCell-sizeMedium css-177gid-MuiTableCell-root"
            >
              testArticle2
            </td>
            <td
              class="MuiTableCell-root MuiTableCell-body MuiTableCell-alignRight MuiTableCell-sizeMedium css-177gid-MuiTableCell-root"
            >
              2,000
            </td>
          </tr>
        </tbody>
      </table>
    </div>
  </body>,
  "container": <div>
    <table
      class="MuiTable-root MuiTable-stickyHeader css-xn82ks-MuiTable-root"
      data-testid="PinnedResultsTable"
    >
      <thead
        class="MuiTableHead-root css-15wwp11-MuiTableHead-root"
      >
        <tr
          class="MuiTableRow-root MuiTableRow-head css-1q1u3t4-MuiTableRow-root"
        >
          <th
            class="MuiTableCell-root MuiTableCell-head MuiTableCell-stickyHeader MuiTableCell-alignLeft MuiTableCell-sizeMedium css-y8ay40-MuiTableCell-root"
            scope="col"
          >
            üìç
          </th>
          <th
            class="MuiTableCell-root MuiTableCell-head MuiTableCell-stickyHeader MuiTableCell-alignLeft MuiTableCell-sizeMedium css-y8ay40-MuiTableCell-root"
            scope="col"
          >
            Rank
          </th>
          <th
            class="MuiTableCell-root MuiTableCell-head MuiTableCell-stickyHeader MuiTableCell-alignRight MuiTableCell-sizeMedium css-i02g0k-MuiTableCell-root"
            scope="col"
          >
            Date
          </th>
          <th
            class="MuiTableCell-root MuiTableCell-head MuiTableCell-stickyHeader MuiTableCell-alignRight MuiTableCell-sizeMedium css-i02g0k-MuiTableCell-root"
            scope="col"
          >
            Article
          </th>
          <th
            class="MuiTableCell-root MuiTableCell-head MuiTableCell-stickyHeader MuiTableCell-alignRight MuiTableCell-sizeMedium css-i02g0k-MuiTableCell-root"
            scope="col"
          >
            Views
          </th>
        </tr>
      </thead>
      <tbody
        class="MuiTableBody-root css-apqrd9-MuiTableBody-root"
      >
        <tr
          class="MuiTableRow-root MuiTableRow-hover css-34nofg-MuiTableRow-root"
        >
          <td
            class="MuiTableCell-root MuiTableCell-body MuiTableCell-paddingCheckbox MuiTableCell-sizeMedium css-1nf681w-MuiTableCell-root"
          >
            <span
              class="MuiButtonBase-root MuiCheckbox-root MuiCheckbox-colorPrimary PrivateSwitchBase-root MuiCheckbox-root MuiCheckbox-colorPrimary Mui-checked MuiCheckbox-root MuiCheckbox-colorPrimary css-12wnr2w-MuiButtonBase-root-MuiCheckbox-root"
            >
              <input
                aria-label="pin article"
                checked=""
                class="PrivateSwitchBase-input css-1m9pwf3"
                data-indeterminate="false"
                type="checkbox"
              />
              <svg
                aria-hidden="true"
                class="MuiSvgIcon-root MuiSvgIcon-fontSizeMedium css-i4bv87-MuiSvgIcon-root"
                data-testid="CheckBoxIcon"
                focusable="false"
                viewBox="0 0 24 24"
              >
                <path
                  d="M19 3H5c-1.11 0-2 .9-2 2v14c0 1.1.89 2 2 2h14c1.11 0 2-.9 2-2V5c0-1.1-.89-2-2-2zm-9 14l-5-5 1.41-1.41L10 14.17l7.59-7.59L19 8l-9 9z"
                />
              </svg>
              <span
                class="MuiTouchRipple-root css-8je8zh-MuiTouchRipple-root"
              />
            </span>
          </td>
          <th
            class="MuiTableCell-root MuiTableCell-body MuiTableCell-sizeMedium css-1ex1afd-MuiTableCell-root"
            scope="row"
          >
            0
          </th>
          <td
            class="MuiTableCell-root MuiTableCell-body MuiTableCell-alignRight MuiTableCell-sizeMedium css-177gid-MuiTableCell-root"
          >
            Dec 15th, 2022
          </td>
          <td
            class="MuiTableCell-root MuiTableCell-body MuiTableCell-alignRight MuiTableCell-sizeMedium css-177gid-MuiTableCell-root"
          >
            testArticle0
          </td>
          <td
            class="MuiTableCell-root MuiTableCell-body MuiTableCell-alignRight MuiTableCell-sizeMedium css-177gid-MuiTableCell-root"
          >
            0
          </td>
        </tr>
        <tr
          class="MuiTableRow-root MuiTableRow-hover css-34nofg-MuiTableRow-root"
        >
          <td
            class="MuiTableCell-root MuiTableCell-body MuiTableCell-paddingCheckbox MuiTableCell-sizeMedium css-1nf681w-MuiTableCell-root"
          >
            <span
              class="MuiButtonBase-root MuiCheckbox-root MuiCheckbox-colorPrimary PrivateSwitchBase-root MuiCheckbox-root MuiCheckbox-colorPrimary Mui-checked MuiCheckbox-root MuiCheckbox-colorPrimary css-12wnr2w-MuiButtonBase-root-MuiCheckbox-root"
            >
              <input
                aria-label="pin article"
                checked=""
                class="PrivateSwitchBase-input css-1m9pwf3"
                data-indeterminate="false"
                type="checkbox"
              />
              <svg
                aria-hidden="true"
                class="MuiSvgIcon-root MuiSvgIcon-fontSizeMedium css-i4bv87-MuiSvgIcon-root"
                data-testid="CheckBoxIcon"
                focusable="false"
                viewBox="0 0 24 24"
              >
                <path
                  d="M19 3H5c-1.11 0-2 .9-2 2v14c0 1.1.89 2 2 2h14c1.11 0 2-.9 2-2V5c0-1.1-.89-2-2-2zm-9 14l-5-5 1.41-1.41L10 14.17l7.59-7.59L19 8l-9 9z"
                />
              </svg>
              <span
                class="MuiTouchRipple-root css-8je8zh-MuiTouchRipple-root"
              />
            </span>
          </td>
          <th
            class="MuiTableCell-root MuiTableCell-body MuiTableCell-sizeMedium css-1ex1afd-MuiTableCell-root"
            scope="row"
          >
            1
          </th>
          <td
            class="MuiTableCell-root MuiTableCell-body MuiTableCell-alignRight MuiTableCell-sizeMedium css-177gid-MuiTableCell-root"
          >
            Dec 15th, 2022
          </td>
          <td
            class="MuiTableCell-root MuiTableCell-body MuiTableCell-alignRight MuiTableCell-sizeMedium css-177gid-MuiTableCell-root"
          >
            testArticle1
          </td>
          <td
            class="MuiTableCell-root MuiTableCell-body MuiTableCell-alignRight MuiTableCell-sizeMedium css-177gid-MuiTableCell-root"
          >
            1,000
          </td>
        </tr>
        <tr
          class="MuiTableRow-root MuiTableRow-hover css-34nofg-MuiTableRow-root"
        >
          <td
            class="MuiTableCell-root MuiTableCell-body MuiTableCell-paddingCheckbox MuiTableCell-sizeMedium css-1nf681w-MuiTableCell-root"
          >
            <span
              class="MuiButtonBase-root MuiCheckbox-root MuiCheckbox-colorPrimary PrivateSwitchBase-root MuiCheckbox-root MuiCheckbox-colorPrimary Mui-checked MuiCheckbox-root MuiCheckbox-colorPrimary css-12wnr2w-MuiButtonBase-root-MuiCheckbox-root"
            >
              <input
                aria-label="pin article"
                checked=""
                class="PrivateSwitchBase-input css-1m9pwf3"
                data-indeterminate="false"
                type="checkbox"
              />
              <svg
                aria-hidden="true"
                class="MuiSvgIcon-root MuiSvgIcon-fontSizeMedium css-i4bv87-MuiSvgIcon-root"
                data-testid="CheckBoxIcon"
                focusable="false"
                viewBox="0 0 24 24"
              >
                <path
                  d="M19 3H5c-1.11 0-2 .9-2 2v14c0 1.1.89 2 2 2h14c1.11 0 2-.9 2-2V5c0-1.1-.89-2-2-2zm-9 14l-5-5 1.41-1.41L10 14.17l7.59-7.59L19 8l-9 9z"
                />
              </svg>
              <span
                class="MuiTouchRipple-root css-8je8zh-MuiTouchRipple-root"
              />
            </span>
          </td>
          <th
            class="MuiTableCell-root MuiTableCell-body MuiTableCell-sizeMedium css-1ex1afd-MuiTableCell-root"
            scope="row"
          >
            2
          </th>
          <td
            class="MuiTableCell-root MuiTableCell-body MuiTableCell-alignRight MuiTableCell-sizeMedium css-177gid-MuiTableCell-root"
          >
            Dec 15th, 2022
          </td>
          <td
            class="MuiTableCell-root MuiTableCell-body MuiTableCell-alignRight MuiTableCell-sizeMedium css-177gid-MuiTableCell-root"
          >
            testArticle2
          </td>
          <td
            class="MuiTableCell-root MuiTableCell-body MuiTableCell-alignRight MuiTableCell-sizeMedium css-177gid-MuiTableCell-root"
          >
            2,000
          </td>
        </tr>
      </tbody>
    </table>
  </div>,
  "debug": [Function],
  "findAllByAltText": [Function],
  "findAllByDisplayValue": [Function],
  "findAllByLabelText": [Function],
  "findAllByPlaceholderText": [Function],
  "findAllByRole": [Function],
  "findAllByTestId": [Function],
  "findAllByText": [Function],
  "findAllByTitle": [Function],
  "findByAltText": [Function],
  "findByDisplayValue": [Function],
  "findByLabelText": [Function],
  "findByPlaceholderText": [Function],
  "findByRole": [Function],
  "findByTestId": [Function],
  "findByText": [Function],
  "findByTitle": [Function],
  "getAllByAltText": [Function],
  "getAllByDisplayValue": [Function],
  "getAllByLabelText": [Function],
  "getAllByPlaceholderText": [Function],
  "getAllByRole": [Function],
  "getAllByTestId": [Function],
  "getAllByText": [Function],
  "getAllByTitle": [Function],
  "getByAltText": [Function],
  "getByDisplayValue": [Function],
  "getByLabelText": [Function],
  "getByPlaceholderText": [Function],
  "getByRole": [Function],
  "getByTestId": [Function],
  "getByText": [Function],
  "getByTitle": [Function],
  "queryAllByAltText": [Function],
  "queryAllByDisplayValue": [Function],
  "queryAllByLabelText": [Function],
  "queryAllByPlaceholderText": [Function],
  "queryAllByRole": [Function],
  "queryAllByTestId": [Function],
  "queryAllByText": [Function],
  "queryAllByTitle": [Function],
  "queryByAltText": [Function],
  "queryByDisplayValue": [Function],
  "queryByLabelText": [Function],
  "queryByPlaceholderText": [Function],
  "queryByRole": [Function],
  "queryByTestId": [Function],
  "queryByText": [Function],
  "queryByTitle": [Function],
  "rerender": [Function],
  "unmount": [Function],
}
`;
